------------------------------------------------------------
TimeQuest Timing Analyzer Summary
------------------------------------------------------------

Type  : Slow 1200mV 85C Model Setup 'clk_153khz'
Slack : -1.203
TNS   : -3.831

Type  : Slow 1200mV 85C Model Setup 'botao'
Slack : 0.079
TNS   : 0.000

Type  : Slow 1200mV 85C Model Hold 'clk_153khz'
Slack : 0.356
TNS   : 0.000

Type  : Slow 1200mV 85C Model Hold 'botao'
Slack : 0.396
TNS   : 0.000

Type  : Slow 1200mV 85C Model Minimum Pulse Width 'clk_153khz'
Slack : -3.000
TNS   : -7.000

Type  : Slow 1200mV 85C Model Minimum Pulse Width 'botao'
Slack : -3.000
TNS   : -6.000

Type  : Slow 1200mV 0C Model Setup 'clk_153khz'
Slack : -0.985
TNS   : -3.025

Type  : Slow 1200mV 0C Model Setup 'botao'
Slack : 0.182
TNS   : 0.000

Type  : Slow 1200mV 0C Model Hold 'clk_153khz'
Slack : 0.309
TNS   : 0.000

Type  : Slow 1200mV 0C Model Hold 'botao'
Slack : 0.359
TNS   : 0.000

Type  : Slow 1200mV 0C Model Minimum Pulse Width 'clk_153khz'
Slack : -3.000
TNS   : -7.000

Type  : Slow 1200mV 0C Model Minimum Pulse Width 'botao'
Slack : -3.000
TNS   : -6.000

Type  : Fast 1200mV 0C Model Setup 'clk_153khz'
Slack : -0.227
TNS   : -0.454

Type  : Fast 1200mV 0C Model Setup 'botao'
Slack : 0.480
TNS   : 0.000

Type  : Fast 1200mV 0C Model Hold 'clk_153khz'
Slack : 0.186
TNS   : 0.000

Type  : Fast 1200mV 0C Model Hold 'botao'
Slack : 0.207
TNS   : 0.000

Type  : Fast 1200mV 0C Model Minimum Pulse Width 'clk_153khz'
Slack : -3.000
TNS   : -7.106

Type  : Fast 1200mV 0C Model Minimum Pulse Width 'botao'
Slack : -3.000
TNS   : -6.078

------------------------------------------------------------
